// Jest Snapshot v1, https://goo.gl/fbAQLP

exports[`BaseLink.vue renders properly 1`] = `<a class="external-link-btn inline-block no-underline text-grey-darkest"><span class="external-link-content flex items-center "><!----> <span class="text"></span></span></a>`;
